# 과제
과제)

'박지성'이 구매하지 않은 도서명을 모두 출력

1) 고객 테이블로 부터 이름이 박지성인 고객번호 검색

`select custid from customer where name = '박지성';`
```
CUSTID
--------
     1
```

2) 주문테이블로 부터 고객번호가 1인 고객이 주문한 도서번호들을 검색

`select bookid from orders where custid =  (select custid from customer where name = '박지성');`
```
BOOKID
------
    13
     1
     3
     2
```

3) 도서테이블로 부터 도서번호가 (1,3,2,13)이 아닌 도서이름들을 출력

`select bookname from book where bookid not in (select bookid from orders where custid =  (select custid from customer where name = '박지성'));`

연습) 

주문하지 않은 고객의 이름 출력

1) 주문테이블로 부터 고객번호를 출력

`select distinct custid from orders;`
```
CUSTID
------
     6
     7
     1
     2
     3
     4
```
2)고객 테이블로부터 고객번호가 (1,2,3,4,6,7)번이 아닌 고객의 이름 출력

`select name from customer where custid not in (select distinct custid from orders);`
```
NAME
----------
박세리
```

연습)

두 개 이상의 서로 다른 출판사에서 도서를 구매한 고객의 이름 출력

1)고객별로 구매한 출판사의 수를 출력
```
select name, count(distinct publisher) cnt 
from A book b, customer c, orders o 
where c.custid = o.custid and
b.bookid = o.bookid 
group by name; 
```
위의 sql을 A로 함

2)cnt가 2이 이상인 고객의 이름을 출력
```
select name from (select c.name, count(distinct publisher) cnt 
from A book b, customer c, orders o 
where c.custid = o.custid and
b.bookid = o.bookid 
group by c.name) A
where A.cnt >=2;
```
NAME
----------
윤석열
박지성
김연아
장미란
```

연습)

박지성이 구매한 도서의 출판사 수 출력
1) join 이용
```
select count(distinct publisher) 
from book b, customer c, orders o
where c.custid = o.custid and
b.bookid = o.bookid and 
name = '박지성';
```
2)서브쿼리 이용
`select custid from customer where name = '박지성';`

`select bookid from orders where custid = ( select custid from customer where name = '박지성');`

```
select count(distinct publisher) from book 
where bookid in (  select bookid from orders 
where custid = ( select custid from customer 
where name = '박지성'));
```

연습)

윤석열에게 추천할 도서 이름 출력
윤석열이 구매한 도서와 동일한 도서를 가장 많이 구매한 사람이 구매한 도서중에 윤석열이 구매하지 않은 도서이름을 출력 

```
select ~~ from 테이블1, left outer join 테이블2 and 다른조건식 
다른조건식이 and로 적용되지 않음, 서브쿼리가 필요함!

select ~~ from 테이블1, 테이블 
where 조인식+ and 다른조건식 
다른조건식이 and로 적용됌, +기호는 오라클에만 있음 
```

## 다중행연산자

서브쿼리가 where절에 사용이 될 때에 서브쿼리의 건수가 여러건일 때 사용하는 연산자 


연습)
박지성의 총 구매액
`select custid from customer where name = '박지성';`

```
select sum(saleprice) from orders 
where custid = (select custid from customer where name = '박지성');
```

연습) 

박지성이 구매한 도서의 이름, 가격, 정가와 판매가격의 차이
```
select bookname, price, price-saleprice from book b, orders o, customer c
where b.bookid = o.bookid and
o.custid = c.custid and 
name = '박지성';
```

```
BOOKNAME                PRICE PRICE-SALEPRICE
-------------------- -------- ---------------
재미있는 오라클        50,000            1000
축구의 역사             7,000            1000
축구아는 여자          13,000            1000
축구의 이해            22,000            1000
```

**음수이던 양수이던 절댓값을 구해주는 함수 abs**
```
select bookname, price, abs(saleprice-price) from book b, orders o, customer c
where b.bookid = o.bookid and
o.custid = c.custid and 
name = '박지성';
```

```
BOOKNAME                PRICE ABS(SALEPRICE-PRICE)
-------------------- -------- --------------------
재미있는 오라클        50,000                 1000
축구의 역사             7,000                 1000
축구아는 여자          13,000                 1000
축구의 이해            22,000                 1000
```

연습) 

마당 서점의 도서의 총 개수
```
select count(bookid) from book;
= select count(*) from book;
```

**count(*)은 모든 레코드 출력**

연습) 

마당 서점에 도서를 출고하는 출판사의 총 개수

`select count(distinct publisher) from book;`

연습)

도서의 가격과 판매가격의 차이가 가장 많은 주문
-도서의 가격과 판매가격 차이의 최대값
```
select abs(price-saleprice) from book b, orders o 
where b.bookid = o.bookid;
```
```
ABS(PRICE-SALEPRICE)
--------------------
                1000
                1000
                1000
                   0
                   0
                   0
                   0
                1000
                   0
                1000
                6000
                   0
                1000
                   0
```
```
select max(abs(price-saleprice)) from book b, orders o 
where b.bookid = o.bookid;
```
```
MAX(ABS(PRICE-SALEPRICE))
-------------------------
                     6000
```

-도서의 가격과 판매가격의 차이가 6000원인 주문번호
```
select orderid from orders o, book b 
where o.bookid = b.bookid and
abs(price - saleprice) = ( select max(abs(price-saleprice)) from book b, orders o 
where b.bookid = o.bookid);
```
```
ORDERID
-------
      9
```

-주문 번호가 9번인 주문내역을 출력
```
select * from orders where orderid = (select orderid from orders o, book b 
where o.bookid = b.bookid and
abs(price - saleprice) = ( select max(abs(price-saleprice)) from book b, orders o 
where b.bookid = o.bookid));
```
```
ORDERID CUSTID BOOKID SALEPRICE ORDERDATE
------- ------ ------ --------- ---------------
      9      2     10     7,000 21/11/09
```

연습)

도서의 판매액 평균보다 자신의 구매액 평균이 더 높은 고객의 이름

-도서의 판매액 평균

`select avg(saleprice) from orders;`
```
AVG(SALEPRICE)
--------------
    17928.5714
```

-고객 id별 구매액 평균을 출력
```
select custid, avg(saleprice) avg from orders 
group by custid;
```
```
CUSTID AVG(SALEPRICE)
------ --------------
     6          32000
     7          20000
     1          22000
     2           7500
     3     10333.3333
     4          16500		>>A
```

-A중에서 A의 평균 17928.5714보다 높은 고객번호를 검색 
```
select custid from (select custid, avg(saleprice) avg from orders 
group by custid) A 
where A.avg > (select avg(saleprice) from orders);
```
```
CUSTID
------
     6
     7
     1
```

-고객번호가 1,6,7에 해당하는 고객의 이름 출력
```
select name from customer 
where custid in (select custid from (select custid, avg(saleprice) avg from orders 
group by custid) A 
where A.avg > (select avg(saleprice) from orders));
```
```
NAME
----------
윤석열
이재명
박지성
```

연습) 

모든 직원의 이름과 직위를 출력

`select ename,job from emp;`
 
연습) 

30번 부서에 근무하는 모든 사원의 이름과 급여를 출력
```
select ename, salary from emp e, dept d 
where e.dno = d.dno and
d.dno = 30 and 
e.job = '사원';
```
연습) 

개발팀에 근무하는 모든 사원의 이름과 급여를 출력

1)join이용
```
select ename, salary from emp e, dept d
where e.dno = d.dno and 
d.dname like '개발%' ;
```
2)서브쿼리 이용
```
select ename, salary from emp 
where dno in (select dno from dept where dname like '개발%');
```
연습) 

직급별로 동일한 직급의 직원수를 출력
```
select job, count(*) from emp 
group by job;
```

연습) 

20번 부서의 구성원 수와 직원들의 급여의 합계와 평균을 출력
```
select count(*), sum(salary), avg(salary) 
from emp 
where dno = 20;
```
연습) 

개발 1팀에 근무하는 직원들의 구성원 수와 직원들의 급여의 합계와 평균을 출력
```
select count(eno), sum(salary), avg(salary) from emp e, dept d
where e.dno = d.dno and
d.dname = '개발1팀';
```
```
select count(eno), sum(salary), avg(salary) from emp
where d.dno = (select dno from dept where dname = '개발1팀');
```

연습) 

서교동에 근무하는 직원들의 구성원 수와 직원들의 급여의 합계와 평균을 출력

```
select count(eno), sum(salary), avg(salary) from emp e, dept d
where e.dno = d.dno and
d.dloc = '서교동';
```
```
select count(*), sum(salary), avg(salary) from emp 
where dno in (select dno from dept where dloc = '서교동');
```
연습)

평균급여가 가장 높은 부서번호를 출력
```
select d.dname, avg(salary) from emp e, dept d 
where e.dno=d.dno 
group by d.dname;
```

-부서번호별로 평균급여를 출력

`select dno, avg(salary) avg from emp group by dno;`
```
  DNO AVG(SALARY)
----- -----------
   30  596.666667
   10         530
   20       532.5		>>A
```

-부서별 평균급여의 최대값 출력

`select max(avg(salary)) from emp group by dno;`
```
MAX(AVG(SALARY))
----------------
      596.666667
```

-A중에서 평균급여가 max인 부서번호를 출력
```
select dno from (select dno, avg(salary) avg from emp group by dno) A 
where A.avg = (select max(avg(salary)) from emp group by dno);
```
```
  DNO
-----
   30
```

연습)

평균급여가 가장 높은 부서명을 출력
```
select dname from dept
where dno in ( select dno from (select dno, avg(salary) avg from emp group by dno) A 
where A.avg = (select max(avg(salary)) from emp group by dno));
```
```
DNAME
----------
기획팀
```

연습)

평균급여가 가장 높은 부서에 근무하는 직원들의 이름을 출력
```
select ename from emp 
where dno in ( select dno from (select dno, avg(salary) avg from emp group by dno) A 
where A.avg = (select max(avg(salary)) from emp group by dno));
```
```
ENAME
----------------------------------------
이건우
윤태인
김시아
노유나
박성미
임상진
```

연습)

전체 직원들 중에 직속상관이 있는 사원의 수를 출력

`select count(*) from emp where mgr != null`
```
  COUNT(*)
----------
         0
```
잘못된 값

**null인지 물어보려면 is , is not을 확인**

`select count(*) from emp where mgr is not null`

```
  COUNT(*)
----------
        14
```

`select count(mgr) from emp;`
```
COUNT(MGR)
----------
        14
```

연습)

사원테이블에서 이름, 급여, 수당, 총액을 구하여 총액이 높은 순으로 출력 단, 수당이 null인 사람은 제외
```
select eno, salary, comm, salary+comm 
from emp 
where comm is not null
order by salary+comm desc;
```
```
 ENO    SALARY      COMM SALARY+COMM
----- --------- --------- -----------
 1000      1000       100        1100
 1001       800        80         880
 1003       800        80         880
 1002       700        70         770
 1006       600        80         680
 1005       500        80         580
 1009       500        50         550
 1004       500        50         550
 1010       430        43         473
 1008       420        42         462
 1012       420        42         462
 1007       400        40         440
 1011       380        38         418
 1013       380        38         418
14 행이 선택되었습니다.
```

연습) 각 부서별로 같은 직급의 사람의 수를 구하여 부서번호, 직급, 사람수를 출력
**이중 group by 이용**
select dno, job, count(*) from emp
group by dno, job
order by dno, job;

  DNO JOB          COUNT(*)
----- ---------- ----------
   10 과장                1
   10 부장                1
   10 사원                2
   20 과장                1
   20 부장                1
   20 사원                3
   30 과장                1
   30 부장                1
   30 사원                3
   30 사장                1

10 행이 선택되었습니다.

연습) 직원이 한명도 없는 부서의 이름을 출력
select dname from dept 
where dno not in (select distinct dno from emp);

DNAME
----------
영업팀

연습) 같은 직급의 사람의 수가 2명이상인 직급과 인원수를 출력

-직급별로 인원수 출력
select job, count(*) from emp 
group by job;

JOB          COUNT(*)
---------- ----------
사장                1
부장                3
과장                3
사원                8

select job, count(*) from emp 
group by job
having count(*) >=2;

JOB          COUNT(*)
---------- ----------
부장                3
과장                3
사원                8

연습)박지예보다 급여를 더 많이 받는 사람의 이름을 출력
-'박지예'의 급여를 구함

select salary from emp where ename = '박지예';

-'박지예'의 급여보다 더 많이 받는 사람의 이름을 구함

select ename from emp 
where salary >  (select salary from emp where ename = '박지예');

ENAME
----------------------------------------
이건우
김수연
최현호
윤태인
김시아

연습)박지예가 일하는 부서 혹은 서교동에 있는 부서번호를 출력
select d.dno from dept d, emp e 
where d.dno = e.dno and
d.dloc = '서교동' and 
e.ename = '박지예';

select dno from dept 
where dno = (select dno from emp where ename = '박지예') 
or
dloc = '서교동';

       DNO
----------
        10
        30

연습)
대한미디어에서 출판한 도서를 구매한 고객의 이름을 출력
1) 서브쿼리 이용
select name from customer where custid in (select custid
					from orders 										where bookid in (select bookid 
							from book 
							where publisher = '대한미디어' ));

NAME
----------------------------------------
박지성

2) join 이용
select name from customer c, book b, orders o 
where c.custid = o.custid and
b.bookid = o.bookid and
publisher = '대한미디어';

NAME
----------------------------------------
박지성

둘다 같은 결과가 나옴
그러나 데이터의 건수(행,레코드의 수)가 많을 때에는 
서브쿼리가 속도측면에서 훨씬 더 효율적임 

## 상관 서브쿼리
연습) 출판사별로 출판사의 평균 도서 가격보다 비싼 도서를 출력
-출판사별로 평균도서 가격 구함
select publisher, avg(price) avg from book 
group by publisher;

PUBLISHER  AVG(PRICE)
---------- ----------
쌍용미디어      33500
굿스포츠        10250
나무수          13000
대한미디어      28500
이상미디어      16500
삼성당           7500
Pearson         13000  >> A

select bookname from book b, (select publisher, avg(price) avg from book 
group by publisher) A 
where b.publisher = A.publisher and
price > A.avg;

BOOKNAME
--------------------
재미있는 오라클
골프 바이블
야구의 추억
이기는 축구기술

**상관서브쿼리 이용**

-출판사별로 평균도서가격을 출력
select publisher, avg(price) from book 
group by publisher

select bookname from book b1 
where b1.price > (select avg(b2.price) from book b2 where b1.publisher = b2.publisher);

BOOKNAME
--------------------
재미있는 오라클
골프 바이블
야구의 추억
이기는 축구기술

## 상관서브쿼리
서브쿼리에서 메인쿼리의 컬럼의 값과 관계식을 표현

## 데이터베이스 명령어의 종류
DDL
DML
DCL

## DDL 
데이터 정의어
테이블 생성 = create~
**테이블 생성하는 형식
create table 테이블이름{
	컬럼이름 자료형[제약(들)]

};

자료형 
숫자 number
문자 varchar20(크기)
날짜 date

제약의 종류 
null 생략할 수 있음
not null 생략할 수 없음
unique 값이 중 복할 수 없음 , null허용
primary key 중복 할 수 있고 , null비허용
default	기본값을 설정
check 조건을 만족해야 하는 값을 설정
foreign key 부모테이블의 값을 참조  

1)기본 테이블 생성 			

쓰지않아도 기본적으로 null허용!
create table newbook(
bookid number null,
bookname varchar2(20) null,
publisher varchar(20),
price number
);

레코드를 추가하는 방법
insert into 테이블이름 values(값1, 값2, ..)
이때에는 값의 수와 순서가 테이블의 컬럼의 수와 순서가 동일해야함
insert into 테이블이름(칼럼1, 칼럼2, ...) values (값1, 값2, ..)
명시한 컬럼의 순서대로 값을 나열함
이때에는 명시한 칼럼 이외의 칼럼은 null을 허용하는 컬럼이여야 함

insert into newbook values(1, '재미있는 자바', '쌍용미디어', 40000);
insert into newbook values(2, '신나는 자바', null, null);
insert into newbook(bookid, bookname) values(3, '즐거운 오라클');
insert into newbook values (null, '신나는 오라클', null,null);
insert into newbook values(1, '즐거운 자바', '한빛미디어', 30000);

	BOOKID BOOKNAME             PUBLISHER     PRICE
------ -------------------- ---------- --------
     1 재미있는 자바        쌍용미디어   40,000
     2 신나는 자바
     3 즐거운 오라클
       신나는 오라클
     1 즐거운 자바          한빛미디어   30,000

**테이블의 삭제
drop table 테이블이름;

2)not null이용한 테이블 생성

create table newbook(
bookid number not null,
bookname varchar2(20),
publisher varchar2(20),
price number
);

insert into newbook values(null, '재미있는 자바','쌍용미디어',40000);
insert into newbook(bookname, publisher, price ) values('즐거운 자바','쌍용미디어',30000);
**에러남**
SQL> insert into newbook values(null, '재미있는 자바','쌍용미디어',40000);
insert into newbook values(null, '재미있는 자바','쌍용미디어',40000)
                           *
1행에 오류:
ORA-01400: NULL을 ("C##MADANG"."NEWBOOK"."BOOKID") 안에 삽입할 수 없 습니다

SQL> insert into newbook(bookname, publisher, price ) values('즐거운 자바','쌍용미디어',30000);
insert into newbook(bookname, publisher, price ) values('즐거운 자바','쌍용미디어',30000)
*
1행에 오류:
ORA-01400: NULL을 ("C##MADANG"."NEWBOOK"."BOOKID") 안에 삽입할 수 없 습니다

insert into newbook values(1,'재미있는 자바',null,null);
insert into newbook(bookid) values(2);

SQL> insert into newbook values(1,'재미있는 자바',null,null);
1 개의 행이 만들어졌습니다.

SQL> insert into newbook(bookid) values(2);
1 개의 행이 만들어졌습니다.

insert into newbook values(1,'신나는 오라클',null,null);
not null은 null이 아니기만 하면 됌, 중복 허용 

3)unique를 이용한 테이블 생성

create table newbook(
bookid number unique,
bookname varchar2(30),
publisher varchar2(30),
price number
);

insert into newbook values(1,'재미있는 자바',null,null);
insert into newbook values(1,'신나는 자바',null,null);

insert into newbook values(1,'신나는 자바',null,null)
*
1행에 오류:
ORA-00001: 무결성 제약 조건(C##MADANG.SYS_C008331)에 위배됩니다

insert into newbook values(null,'신나는 자바',null,null);

BOOKID BOOKNAME             PUBLISHER     PRICE
------ -------------------- ---------- --------
     1 재미있는 자바
       신나는 자바

unique는 유일한지만 검사함 그래서 null을 허용 

4)primary key를 이용한 테이블 생성
primary key = not null + unique 
= null을 허용하지 않고 유일해야 함
= 주식별자
= 다른 레코드와 구별하기 위한 용도로 사용
= 테이블 생성시에 여러가지 속성들 중에 주식별자로 사용할 컬럼을 정해서 설정

create table newbook(
bookid number primary key,
bookname varchar2(30),
publisher varchar2(30),
price number
);

insert into newbook values(1,'재미있는 자바',null,null);

insert into newbook values(null,'신나는 자바',null,null); 불가능! 오류발생

SQL> insert into newbook values(null,'신나는 자바',null,null);
insert into newbook values(null,'신나는 자바',null,null)                           *
1행에 오류:
ORA-01400: NULL을 ("C##MADANG"."NEWBOOK"."BOOKID") 안에 삽입할 수 없 습니다

insert into newbook values(1,'신나는 자바',null,null); 불가능! 오류발생

SQL> insert into newbook values(1,'신나는 자바',null,null);
insert into newbook values(1,'신나는 자바',null,null)
*
1행에 오류:
ORA-00001: 무결성 제약 조건(C##MADANG.SYS_C008332)에 위배됩니다
>> 이미 도서번호 1번이 있는데 또 1번을 추가하려고 하여 중복되어서 오류 발생

5) default 제약을 이용한 테이블 생성
create table newbook(
bookid number primary key,
bookname varchar2(30),
publisher varchar2(30) default '쌍용미디어',
price number default 30000
);

insert into newbook values(1,'재미있는 자바','한빛미디어',default);
insert into newbook values(2,'신나는 자바',default , default);
insert into newbook(bookid,bookname) values(3,'즐거운 자바');
insert into newbook values(4,'재미있는 오라클','한빛미디어',50000);

BOOKID BOOKNAME             PUBLISHER     PRICE
------ -------------------- ---------- --------
     1 재미있는 자바        한빛미디어   30,000
     2 신나는 자바          쌍용미디어   30,000
     3 즐거운 자바          쌍용미디어   30,000
     4 재미있는 오라클      한빛미디어   50,000

6)check를 이용한 테이블 생성

create table newbook(
bookid number primary key,
bookname varchar2(30) not null,
publisher varchar2(30) default '쌍용미디어',
price number default 10000 check(price>=1000)
);

insert into newbook values(1, '재미있는 자바', default , default);
insert into newbook values(2, '신나는 자바', '한빛미디어' , 500); 불가능 에러발생

SQL> insert into newbook values(2, '신나는 자바', '한빛미디어' , 500);
insert into newbook values(2, '신나는 자바', '한빛미디어' , 500)
*
1행에 오류:
ORA-02290: 체크 제약조건(C##MADANG.SYS_C008335)이 위배되었습니다

연습)
다음의 제약을 만족하는 newcustomer 테이블을 생성해봄
고객번호는 주식별자 
고객이름은 생략할 수 없음
주소는 기본값이 '서울'
전화번호는 생략 가능
나이는 20살 이상 

create table newcustomer(
custid number primary key,
name varchar2(20) not null,
addr varchar2(20) default '서울',
phone varchar2(30) unique,
age number check(age>=20)
);

insert into newcustomer values(1,'박지성',default,'010-1111-1111',20);
insert into newcustomer values(2,'이순신',default,'010-2222-1111',20);
insert into newcustomer values(3,'김유신',default,'null',20)

**이미 있는 테이블의 구조와 데이터를 복사하여 새로운 테이블 생성 
create table newbook as select * from book;
이렇게 해도 제약은 복사가 안됌...

create table newcustomer(
custid number primary key,
name varchar2(20) not null,
addr varchar2(50) default '서울',
phone varchar2(30) unique
);

**book테이블의 레코드를 모두 검색하여 newbook에 insert하기 
insert into newbook select * from book;

**customer 테이블의 레코드를 모두 검색하여 newcustomer에 insert하기
insert into newcustomer select * from customer;


primary key 설정을 컬럼레벨에 설정 할 수도 있고
테이블레벨에 설정할 수도 있음

create table 테이블이름(
컬럼1 primary key, **컬럼레벨**
컬럼2 , 
);

create table 테이블이름(
컬럼1,
컬럼2...
primary key(컬럼) **테이블레벨**
);

**컬럼레벨의 key 설정**
create table member(
id varchar2(20) primary key,
pwd varchar2(20),
name varchar2(20)
);

**테이블레벨의 key 설정**
create table member(
id varchar2(20),
pwd varchar2(20),
name varchar2(20),
primary key(id)
);

6) 참조키 설정
foreign key
어떤 컬럼의 값이 이미 있는 다른 테이블의 값을 참조해야하는 경우에 참조키를 설정 
예를 들어 사원테이블의 부서번호는 반드시 부서테이블에 있는 부서번호 이어야 함
또 orders 테이블의 custid는 반드시 customer테이블에 있는 custid이어야 함
그리고 orders 테이블의 bookid는 반드시 book테이블의 bookid이어야 함
이와 같이 어떤 칼럼의 값이 이미 있는 테이블의 값을 참조해야 하는 경우에 
사용한 것을 "참조키" 라고 함
참조하는 테이블을 "부모테이블"이라고 함
또, 참조키를 설정하는 테이블을 "자식테이블"이라고 함
"부모테이블"과 "자식테이블"은 서로 참조키로 관계에 있다라고 말함
그래서 우리가 학습하고 있는 "오라클"이나 msssql, mysql를 "관계형데이터베이스"라고 함
Relational Database
줄여서 RDB

참조키를 설정할 때에는 반드시! 부모테이블의 주식별자만이 참조키로 설정할 수 있음 

실험)

create table member(
id varchar2(20),
pwd varchar2(20),
name varchar2(20)
);

컬럼레벨에 설정
create table board(
no number primary key,
title varchar2(50),
id varchar2(20) references member(id),
content varchar2(3000)
);

SQL> create table board(
  2  no number primary key,
  3  title varchar2(50),
  4  id varchar2(20) references member(id),
  5  content varchar2(3000)
  6  );
id varchar2(20) references member(id),
                                  *
4행에 오류:
ORA-02270: 이 열목록에 대해 일치하는 고유 또는 기본 키가 없습니다.
>>참조키로 설정하려는 id가 member테이블의 주식별자가 아니어서 오류가 발생

다시만듬
create table member(
id varchar2(20) primary key,
pwd varchar2(20),
name varchar2(20)
);

create table board(
no number primary key,
title varchar2(50),
id varchar2(20) references member(id),
content varchar2(3000)
);

위와 같이 테이블을 생성하게 되면 member와 board는 주종관계(부모 자식 관계)가 됌
member가 부모가 되고 board가 자식이 됌 
관계형데이터베이스에서 테이블을 개체(Entity)라고도 표현함 

이때 부모테이블에 레코드가 반드시 먼저 insert가 되어야 함

insert into member values ('tiger','1234','김범');
insert into member values ('lion','1234','홍사자');

insert into board values(1,'안녕','tiger','만나서 반갑습니다');
insert into board values(2,'금요일','lion','즐거운 금요일입니다');
insert into board values(3,'주말 스터디','kim','주말에 만나서 같이 공부해요');

SQL> insert into board values(3,'주말 스터디','kim','주말에 만나서 같이 공부해요');
insert into board values(3,'주말 스터디','kim','주말에 만나서 같이 공부해요')
*
1행에 오류:
ORA-02291: 무결성 제약조건(C##MADANG.SYS_C008361)이 위배되었습니다-  부모 키가
없습니다

참조키로 설정된 board의 id에 추가하려는 'kim'이 부모테이블인 member에 존재하지 않아 발생하는 오류 
= "참조무결성에 위배"된다고 표현

**개체무결성에 대하여 설명**
모든 레코드는 주식별자에 의해서 구별이 되어야 하는 것을 말함
만약, 중복된 주식별자 값을 갖게 된다면 "개체무결성에 위배"된다고 함

**참조무결성에 대하여 설명**
참조키에 설정된 값은 반드시 부모테이블에 나타난 값이어야 함 
그렇지 않은 경우 "참조무결성에 위배"된다고 함 

테이블 구조, 변경 alter;	
테이블 삭제 delete;



팀별
직원의 이름과 근무위치를 입력받아 그 직원과 동일한 부서에 근무하거나 입력한 근무위치에 근무하는 직원들의 이름을 출력하는 웹문서를 작성 

select dno from dept where dno = (select dno from emp where ename = '?') or dloc = '?'
	
select ename from emp where dno = (  select dno from dept where dno = (select dno from emp where ename = '?') or dloc = '?' );
select ename from emp where dno in (  select dno from dept where dno = (select dno from emp where ename in '김지현') or dloc = '판교' );
